Archive member included to satisfy reference by file (symbol)

/opt/st/stm32cubeide_1.10.1/plugins/com.st.stm32cube.ide.mcu.externaltools.gnu-tools-for-stm32.10.3-2021.10.linux64_1.0.0.202111181127/tools/bin/../lib/gcc/arm-none-eabi/10.3.1/../../../../arm-none-eabi/lib/thumb/v7-m/nofp/libc_nano.a(lib_a-errno.o)
                              ./Core/Src/syscalls.o (__errno)
/opt/st/stm32cubeide_1.10.1/plugins/com.st.stm32cube.ide.mcu.externaltools.gnu-tools-for-stm32.10.3-2021.10.linux64_1.0.0.202111181127/tools/bin/../lib/gcc/arm-none-eabi/10.3.1/../../../../arm-none-eabi/lib/thumb/v7-m/nofp/libc_nano.a(lib_a-exit.o)
                              /opt/st/stm32cubeide_1.10.1/plugins/com.st.stm32cube.ide.mcu.externaltools.gnu-tools-for-stm32.10.3-2021.10.linux64_1.0.0.202111181127/tools/bin/../lib/gcc/arm-none-eabi/10.3.1/../../../../arm-none-eabi/lib/thumb/v7-m/nofp/crt0.o (exit)
/opt/st/stm32cubeide_1.10.1/plugins/com.st.stm32cube.ide.mcu.externaltools.gnu-tools-for-stm32.10.3-2021.10.linux64_1.0.0.202111181127/tools/bin/../lib/gcc/arm-none-eabi/10.3.1/../../../../arm-none-eabi/lib/thumb/v7-m/nofp/libc_nano.a(lib_a-impure.o)
                              /opt/st/stm32cubeide_1.10.1/plugins/com.st.stm32cube.ide.mcu.externaltools.gnu-tools-for-stm32.10.3-2021.10.linux64_1.0.0.202111181127/tools/bin/../lib/gcc/arm-none-eabi/10.3.1/../../../../arm-none-eabi/lib/thumb/v7-m/nofp/libc_nano.a(lib_a-exit.o) (_global_impure_ptr)
/opt/st/stm32cubeide_1.10.1/plugins/com.st.stm32cube.ide.mcu.externaltools.gnu-tools-for-stm32.10.3-2021.10.linux64_1.0.0.202111181127/tools/bin/../lib/gcc/arm-none-eabi/10.3.1/../../../../arm-none-eabi/lib/thumb/v7-m/nofp/libc_nano.a(lib_a-init.o)
                              /opt/st/stm32cubeide_1.10.1/plugins/com.st.stm32cube.ide.mcu.externaltools.gnu-tools-for-stm32.10.3-2021.10.linux64_1.0.0.202111181127/tools/bin/../lib/gcc/arm-none-eabi/10.3.1/../../../../arm-none-eabi/lib/thumb/v7-m/nofp/crt0.o (__libc_init_array)
/opt/st/stm32cubeide_1.10.1/plugins/com.st.stm32cube.ide.mcu.externaltools.gnu-tools-for-stm32.10.3-2021.10.linux64_1.0.0.202111181127/tools/bin/../lib/gcc/arm-none-eabi/10.3.1/../../../../arm-none-eabi/lib/thumb/v7-m/nofp/libc_nano.a(lib_a-memset.o)
                              /opt/st/stm32cubeide_1.10.1/plugins/com.st.stm32cube.ide.mcu.externaltools.gnu-tools-for-stm32.10.3-2021.10.linux64_1.0.0.202111181127/tools/bin/../lib/gcc/arm-none-eabi/10.3.1/../../../../arm-none-eabi/lib/thumb/v7-m/nofp/crt0.o (memset)
/opt/st/stm32cubeide_1.10.1/plugins/com.st.stm32cube.ide.mcu.externaltools.gnu-tools-for-stm32.10.3-2021.10.linux64_1.0.0.202111181127/tools/bin/../lib/gcc/arm-none-eabi/10.3.1/thumb/v7-m/nofp/libgcc.a(_arm_muldf3.o)
                              ./Core/Src/main.o (__aeabi_dmul)
/opt/st/stm32cubeide_1.10.1/plugins/com.st.stm32cube.ide.mcu.externaltools.gnu-tools-for-stm32.10.3-2021.10.linux64_1.0.0.202111181127/tools/bin/../lib/gcc/arm-none-eabi/10.3.1/thumb/v7-m/nofp/libgcc.a(_arm_mulsf3.o)
                              ./Core/Src/PID.o (__aeabi_fmul)
/opt/st/stm32cubeide_1.10.1/plugins/com.st.stm32cube.ide.mcu.externaltools.gnu-tools-for-stm32.10.3-2021.10.linux64_1.0.0.202111181127/tools/bin/../lib/gcc/arm-none-eabi/10.3.1/thumb/v7-m/nofp/libgcc.a(_arm_addsubdf3.o)
                              ./Core/Src/main.o (__aeabi_f2d)
/opt/st/stm32cubeide_1.10.1/plugins/com.st.stm32cube.ide.mcu.externaltools.gnu-tools-for-stm32.10.3-2021.10.linux64_1.0.0.202111181127/tools/bin/../lib/gcc/arm-none-eabi/10.3.1/thumb/v7-m/nofp/libgcc.a(_arm_cmpdf2.o)
                              ./Core/Src/main.o (__aeabi_dcmplt)
/opt/st/stm32cubeide_1.10.1/plugins/com.st.stm32cube.ide.mcu.externaltools.gnu-tools-for-stm32.10.3-2021.10.linux64_1.0.0.202111181127/tools/bin/../lib/gcc/arm-none-eabi/10.3.1/thumb/v7-m/nofp/libgcc.a(_arm_truncdfsf2.o)
                              ./Core/Src/main.o (__aeabi_d2f)
/opt/st/stm32cubeide_1.10.1/plugins/com.st.stm32cube.ide.mcu.externaltools.gnu-tools-for-stm32.10.3-2021.10.linux64_1.0.0.202111181127/tools/bin/../lib/gcc/arm-none-eabi/10.3.1/thumb/v7-m/nofp/libgcc.a(_arm_addsubsf3.o)
                              ./Core/Src/PID.o (__aeabi_fsub)
/opt/st/stm32cubeide_1.10.1/plugins/com.st.stm32cube.ide.mcu.externaltools.gnu-tools-for-stm32.10.3-2021.10.linux64_1.0.0.202111181127/tools/bin/../lib/gcc/arm-none-eabi/10.3.1/thumb/v7-m/nofp/libgcc.a(_arm_muldivsf3.o)
                              ./Core/Src/PID.o (__aeabi_fdiv)
/opt/st/stm32cubeide_1.10.1/plugins/com.st.stm32cube.ide.mcu.externaltools.gnu-tools-for-stm32.10.3-2021.10.linux64_1.0.0.202111181127/tools/bin/../lib/gcc/arm-none-eabi/10.3.1/thumb/v7-m/nofp/libgcc.a(_arm_cmpsf2.o)
                              ./Core/Src/PID.o (__aeabi_fcmplt)
/opt/st/stm32cubeide_1.10.1/plugins/com.st.stm32cube.ide.mcu.externaltools.gnu-tools-for-stm32.10.3-2021.10.linux64_1.0.0.202111181127/tools/bin/../lib/gcc/arm-none-eabi/10.3.1/thumb/v7-m/nofp/libgcc.a(_arm_fixunssfsi.o)
[...]
Memory Configuration

Name             Origin             Length             Attributes
RAM              0x0000000020000000 0x0000000000005000 xrw
FLASH            0x0000000008000000 0x0000000000010000 xr
*default*        0x0000000000000000 0xffffffffffffffff

Linker script and memory map

LOAD /opt/st/stm32cubeide_1.10.1/plugins/com.st.stm32cube.ide.mcu.externaltools.gnu-tools-for-stm32.10.3-2021.10.linux64_1.0.0.202111181127/tools/bin/../lib/gcc/arm-none-eabi/10.3.1/thumb/v7-m/nofp/crti.o
LOAD /opt/st/stm32cubeide_1.10.1/plugins/com.st.stm32cube.ide.mcu.externaltools.gnu-tools-for-stm32.10.3-2021.10.linux64_1.0.0.202111181127/tools/bin/../lib/gcc/arm-none-eabi/10.3.1/thumb/v7-m/nofp/crtbegin.o
LOAD /opt/st/stm32cubeide_1.10.1/plugins/com.st.stm32cube.ide.mcu.externaltools.gnu-tools-for-stm32.10.3-2021.10.linux64_1.0.0.202111181127/tools/bin/../lib/gcc/arm-none-eabi/10.3.1/../../../../arm-none-eabi/lib/thumb/v7-m/nofp/crt0.o
LOAD ./Core/Src/PID.o
LOAD ./Core/Src/can.o
LOAD ./Core/Src/gpio.o
LOAD ./Core/Src/main.o
LOAD ./Core/Src/stm32f1xx_hal_msp.o
LOAD ./Core/Src/stm32f1xx_it.o
LOAD ./Core/Src/syscalls.o
LOAD ./Core/Src/sysmem.o
LOAD ./Core/Src/system_stm32f1xx.o
LOAD ./Core/Src/tim.o
LOAD ./Core/Startup/startup_stm32f103c8tx.o
LOAD ./Drivers/STM32F1xx_HAL_Driver/Src/stm32f1xx_hal.o
LOAD ./Drivers/STM32F1xx_HAL_Driver/Src/stm32f1xx_hal_can.o
LOAD ./Drivers/STM32F1xx_HAL_Driver/Src/stm32f1xx_hal_cortex.o
LOAD ./Drivers/STM32F1xx_HAL_Driver/Src/stm32f1xx_hal_dma.o
LOAD ./Drivers/STM32F1xx_HAL_Driver/Src/stm32f1xx_hal_exti.o
LOAD ./Drivers/STM32F1xx_HAL_Driver/Src/stm32f1xx_hal_flash.o
LOAD ./Drivers/STM32F1xx_HAL_Driver/Src/stm32f1xx_hal_flash_ex.o
LOAD ./Drivers/STM32F1xx_HAL_Driver/Src/stm32f1xx_hal_gpio.o
LOAD ./Drivers/STM32F1xx_HAL_Driver/Src/stm32f1xx_hal_gpio_ex.o
LOAD ./Drivers/STM32F1xx_HAL_Driver/Src/stm32f1xx_hal_pwr.o
LOAD ./Drivers/STM32F1xx_HAL_Driver/Src/stm32f1xx_hal_rcc.o
LOAD ./Drivers/STM32F1xx_HAL_Driver/Src/stm32f1xx_hal_rcc_ex.o
LOAD ./Drivers/STM32F1xx_HAL_Driver/Src/stm32f1xx_hal_tim.o
LOAD ./Drivers/STM32F1xx_HAL_Driver/Src/stm32f1xx_hal_tim_ex.o
START GROUP
LOAD /opt/st/stm32cubeide_1.10.1/plugins/com.st.stm32cube.ide.mcu.externaltools.gnu-tools-for-stm32.10.3-2021.10.linux64_1.0.0.202111181127/tools/bin/../lib/gcc/arm-none-eabi/10.3.1/../../../../arm-none-eabi/lib/thumb/v7-m/nofp/libc_nano.a
LOAD /opt/st/stm32cubeide_1.10.1/plugins/com.st.stm32cube.ide.mcu.externaltools.gnu-tools-for-stm32.10.3-2021.10.linux64_1.0.0.202111181127/tools/bin/../lib/gcc/arm-none-eabi/10.3.1/../../../../arm-none-eabi/lib/thumb/v7-m/nofp/libm.a
END GROUP
START GROUP
LOAD /opt/st/stm32cubeide_1.10.1/plugins/com.st.stm32cube.ide.mcu.externaltools.gnu-tools-for-stm32.10.3-2021.10.linux64_1.0.0.202111181127/tools/bin/../lib/gcc/arm-none-eabi/10.3.1/thumb/v7-m/nofp/libgcc.a
LOAD /opt/st/stm32cubeide_1.10.1/plugins/com.st.stm32cube.ide.mcu.externaltools.gnu-tools-for-stm32.10.3-2021.10.linux64_1.0.0.202111181127/tools/bin/../lib/gcc/arm-none-eabi/10.3.1/../../../../arm-none-eabi/lib/thumb/v7-m/nofp/libc_nano.a
END GROUP
START GROUP
LOAD /opt/st/stm32cubeide_1.10.1/plugins/com.st.stm32cube.ide.mcu.externaltools.gnu-tools-for-stm32.10.3-2021.10.linux64_1.0.0.202111181127/tools/bin/../lib/gcc/arm-none-eabi/10.3.1/thumb/v7-m/nofp/libgcc.a
LOAD /opt/st/stm32cubeide_1.10.1/plugins/com.st.stm32cube.ide.mcu.externaltools.gnu-tools-for-stm32.10.3-2021.10.linux64_1.0.0.202111181127/tools/bin/../lib/gcc/arm-none-eabi/10.3.1/../../../../arm-none-eabi/lib/thumb/v7-m/nofp/libc_nano.a
LOAD /opt/st/stm32cubeide_1.10.1/plugins/com.st.stm32cube.ide.mcu.externaltools.gnu-tools-for-stm32.10.3-2021.10.linux64_1.0.0.202111181127/tools/bin/../lib/gcc/arm-none-eabi/10.3.1/../../../../arm-none-eabi/lib/thumb/v7-m/nofp/libnosys.a
END GROUP
START GROUP
LOAD /opt/st/stm32cubeide_1.10.1/plugins/com.st.stm32cube.ide.mcu.externaltools.gnu-tools-for-stm32.10.3-2021.10.linux64_1.0.0.202111181127/tools/bin/../lib/gcc/arm-none-eabi/10.3.1/thumb/v7-m/nofp/libgcc.a
LOAD /opt/st/stm32cubeide_1.10.1/plugins/com.st.stm32cube.ide.mcu.externaltools.gnu-tools-for-stm32.10.3-2021.10.linux64_1.0.0.202111181127/tools/bin/../lib/gcc/arm-none-eabi/10.3.1/../../../../arm-none-eabi/lib/thumb/v7-m/nofp/libc_nano.a
LOAD /opt/st/stm32cubeide_1.10.1/plugins/com.st.stm32cube.ide.mcu.externaltools.gnu-tools-for-stm32.10.3-2021.10.linux64_1.0.0.202111181127/tools/bin/../lib/gcc/arm-none-eabi/10.3.1/../../../../arm-none-eabi/lib/thumb/v7-m/nofp/libnosys.a
END GROUP
LOAD /opt/st/stm32cubeide_1.10.1/plugins/com.st.stm32cube.ide.mcu.externaltools.gnu-tools-for-stm32.10.3-2021.10.linux64_1.0.0.202111181127/tools/bin/../lib/gcc/arm-none-eabi/10.3.1/thumb/v7-m/nofp/crtend.o
LOAD /opt/st/stm32cubeide_1.10.1/plugins/com.st.stm32cube.ide.mcu.externaltools.gnu-tools-for-stm32.10.3-2021.10.linux64_1.0.0.202111181127/tools/bin/../lib/gcc/arm-none-eabi/10.3.1/thumb/v7-m/nofp/crtn.o
                0x0000000020005000                _estack = (ORIGIN (RAM) + LENGTH (RAM))
                0x0000000000000200                _Min_Heap_Size = 0x200
                0x0000000000000400                _Min_Stack_Size = 0x400

.isr_vector     0x0000000008000000      0x10c
                0x0000000008000000                . = ALIGN (0x4)
 *(.isr_vector)
 .isr_vector    0x0000000008000000      0x10c ./Core/Startup/startup_stm32f103c8tx.o
                0x0000000008000000                g_pfnVectors
                0x000000000800010c                . = ALIGN (0x4)

.text           0x0000000008000110     0x4cec
                0x0000000008000110                . = ALIGN (0x4)
 *(.text)
 .text          0x0000000008000110       0x40 /opt/st/stm32cubeide_1.10.1/plugins/com.st.stm32cube.ide.mcu.externaltools.gnu-tools-for-stm32.10.3-2021.10.linux64_1.0.0.202111181127/tools/bin/../lib/gcc/arm-none-eabi/10.3.1/thumb/v7-m/nofp/crtbegin.o
 .text          0x0000000008000150      0x254 /opt/st/stm32cubeide_1.10.1/plugins/com.st.stm32cube.ide.mcu.externaltools.gnu-tools-for-stm32.10.3-2021.10.linux64_1.0.0.202111181127/tools/bin/../lib/gcc/arm-none-eabi/10.3.1/thumb/v7-m/nofp/libgcc.a(_arm_muldf3.o)
                0x0000000008000150                __aeabi_dmul
                0x0000000008000150                __muldf3
 .text          0x00000000080003a4      0x378 /opt/st/stm32cubeide_1.10.1/plugins/com.st.stm32cube.ide.mcu.externaltools.gnu-tools-for-stm32.10.3-2021.10.linux64_1.0.0.202111181127/tools/bin/../lib/gcc/arm-none-eabi/10.3.1/thumb/v7-m/nofp/libgcc.a(_arm_addsubdf3.o)
                0x00000000080003a4                __aeabi_drsub
                0x00000000080003ac                __aeabi_dsub
                0x00000000080003ac                __subdf3
                0x00000000080003b0                __adddf3
                0x00000000080003b0                __aeabi_dadd
                0x0000000008000628                __aeabi_ui2d
                0x0000000008000628                __floatunsidf
                0x0000000008000648                __floatsidf
                0x0000000008000648                __aeabi_i2d
                0x000000000800066c                __extendsfdf2
                0x000000000800066c                __aeabi_f2d
                0x00000000080006b0                __aeabi_ul2d
                0x00000000080006b0                __floatundidf
                0x00000000080006c0                __floatdidf
                0x00000000080006c0                __aeabi_l2d
 .text          0x000000000800071c      0x110 /opt/st/stm32cubeide_1.10.1/plugins/com.st.stm32cube.ide.mcu.externaltools.gnu-tools-for-stm32.10.3-2021.10.linux64_1.0.0.202111181127/tools/bin/../lib/gcc/arm-none-eabi/10.3.1/thumb/v7-m/nofp/libgcc.a(_arm_cmpdf2.o)
                0x000000000800071c                __gtdf2
                0x000000000800071c                __gedf2
                0x0000000008000724                __ltdf2
                0x0000000008000724                __ledf2
                0x000000000800072c                __cmpdf2
                0x000000000800072c                __eqdf2
                0x000000000800072c                __nedf2
                0x00000000080007a8                __aeabi_cdrcmple
                0x00000000080007b8                __aeabi_cdcmple
                0x00000000080007b8                __aeabi_cdcmpeq
                0x00000000080007c8                __aeabi_dcmpeq
                0x00000000080007dc                __aeabi_dcmplt
                0x00000000080007f0                __aeabi_dcmple
                0x0000000008000804                __aeabi_dcmpge
                0x0000000008000818                __aeabi_dcmpgt
 .text          0x000000000800082c       0xa0 /opt/st/stm32cubeide_1.10.1/plugins/com.st.stm32cube.ide.mcu.externaltools.gnu-tools-for-stm32.10.3-2021.10.linux64_1.0.0.202111181127/tools/bin/../lib/gcc/arm-none-eabi/10.3.1/thumb/v7-m/nofp/libgcc.a(_arm_truncdfsf2.o)
                0x000000000800082c                __aeabi_d2f
                0x000000000800082c                __truncdfsf2
 .text          0x00000000080008cc      0x21c /opt/st/stm32cubeide_1.10.1/plugins/com.st.stm32cube.ide.mcu.externaltools.gnu-tools-for-stm32.10.3-2021.10.linux64_1.0.0.202111181127/tools/bin/../lib/gcc/arm-none-eabi/10.3.1/thumb/v7-m/nofp/libgcc.a(_arm_addsubsf3.o)
                0x00000000080008cc                __aeabi_frsub
                0x00000000080008d4                __subsf3
                0x00000000080008d4                __aeabi_fsub
                0x00000000080008d8                __aeabi_fadd
                0x00000000080008d8                __addsf3
                0x0000000008000a38                __aeabi_ui2f
                0x0000000008000a38                __floatunsisf
                0x0000000008000a40                __aeabi_i2f
                0x0000000008000a40                __floatsisf
                0x0000000008000a5c                __floatundisf
                0x0000000008000a5c                __aeabi_ul2f
                0x0000000008000a6c                __floatdisf
                0x0000000008000a6c                __aeabi_l2f
 .text          0x0000000008000ae8      0x2a0 /opt/st/stm32cubeide_1.10.1/plugins/com.st.stm32cube.ide.mcu.externaltools.gnu-tools-for-stm32.10.3-2021.10.linux64_1.0.0.202111181127/tools/bin/../lib/gcc/arm-none-eabi/10.3.1/thumb/v7-m/nofp/libgcc.a(_arm_muldivsf3.o)
                0x0000000008000ae8                __mulsf3
                0x0000000008000ae8                __aeabi_fmul
                0x0000000008000c50                __divsf3
                0x0000000008000c50                __aeabi_fdiv
 .text          0x0000000008000d88       0xec /opt/st/stm32cubeide_1.10.1/plugins/com.st.stm32cube.ide.mcu.externaltools.gnu-tools-for-stm32.10.3-2021.10.linux64_1.0.0.202111181127/tools/bin/../lib/gcc/arm-none-eabi/10.3.1/thumb/v7-m/nofp/libgcc.a(_arm_cmpsf2.o)
                0x0000000008000d88                __gtsf2
                0x0000000008000d88                __gesf2
                0x0000000008000d90                __lesf2
                0x0000000008000d90                __ltsf2
                0x0000000008000d98                __nesf2
                0x0000000008000d98                __eqsf2
                0x0000000008000d98                __cmpsf2
                0x0000000008000df8                __aeabi_cfrcmple
                0x0000000008000e00                __aeabi_cfcmple
                0x0000000008000e00                __aeabi_cfcmpeq
                0x0000000008000e10                __aeabi_fcmpeq
                0x0000000008000e24                __aeabi_fcmplt
                0x0000000008000e38                __aeabi_fcmple
                0x0000000008000e4c                __aeabi_fcmpge
                0x0000000008000e60                __aeabi_fcmpgt
 .text          0x0000000008000e74       0x40 /opt/st/stm32cubeide_1.10.1/plugins/com.st.stm32cube.ide.mcu.externaltools.gnu-tools-for-stm32.10.3-2021.10.linux64_1.0.0.202111181127/tools/bin/../lib/gcc/arm-none-eabi/10.3.1/thumb/v7-m/nofp/libgcc.a(_arm_fixunssfsi.o)
                0x0000000008000e74                __aeabi_f2uiz
                0x0000000008000e74                __fixunssfsi
 *(.text*)
 .text.PID_Init
                0x0000000008000eb4       0x70 ./Core/Src/PID.o
                0x0000000008000eb4                PID_Init
 .text.PID      0x0000000008000f24      0x25a ./Core/Src/PID.o
                0x0000000008000f24                PID
 *fill*         0x000000000800117e        0x2 
 .text.MX_CAN_Init
                0x0000000008001180       0xa8 ./Core/Src/can.o
                0x0000000008001180                MX_CAN_Init
 .text.HAL_CAN_MspInit
                0x0000000008001228       0xa8 ./Core/Src/can.o
                0x0000000008001228                HAL_CAN_MspInit
 .text.MX_GPIO_Init
                0x00000000080012d0      0x100 ./Core/Src/gpio.o
                0x00000000080012d0                MX_GPIO_Init
 .text.map      0x00000000080013d0       0x56 ./Core/Src/main.o
                0x00000000080013d0                map
 *fill*         0x0000000008001426        0x2 
 .text.HAL_CAN_RxFifo1MsgPendingCallback
                0x0000000008001428      0x210 ./Core/Src/main.o
                0x0000000008001428                HAL_CAN_RxFifo1MsgPendingCallback
 .text.encoder  0x0000000008001638      0x1dc ./Core/Src/main.o
                0x0000000008001638                encoder
 *fill*         0x0000000008001814        0x4 
 .text.Motors_RPS
                0x0000000008001818      0x1fc ./Core/Src/main.o
                0x0000000008001818                Motors_RPS
 .text.main     0x0000000008001a14      0x1b4 ./Core/Src/main.o
                0x0000000008001a14                main
 .text.SystemClock_Config
                0x0000000008001bc8       0x8a ./Core/Src/main.o
                0x0000000008001bc8                SystemClock_Config
 *fill*         0x0000000008001c52        0x2 
 .text.HAL_GPIO_EXTI_Callback
                0x0000000008001c54       0x84 ./Core/Src/main.o
                0x0000000008001c54                HAL_GPIO_EXTI_Callback
 .text.HAL_TIM_PeriodElapsedCallback
                0x0000000008001cd8      0x188 ./Core/Src/main.o
                0x0000000008001cd8                HAL_TIM_PeriodElapsedCallback
 .text.Error_Handler
                0x0000000008001e60        0xa ./Core/Src/main.o
                0x0000000008001e60                Error_Handler
 *fill*         0x0000000008001e6a        0x2 
 .text.HAL_MspInit
                0x0000000008001e6c       0x64 ./Core/Src/stm32f1xx_hal_msp.o
                0x0000000008001e6c                HAL_MspInit
 .text.NMI_Handler
                0x0000000008001ed0        0x6 ./Core/Src/stm32f1xx_it.o
                0x0000000008001ed0                NMI_Handler
 .text.HardFault_Handler
                0x0000000008001ed6        0x6 ./Core/Src/stm32f1xx_it.o
                0x0000000008001ed6                HardFault_Handler
 .text.MemManage_Handler
                0x0000000008001edc        0x6 ./Core/Src/stm32f1xx_it.o
                0x0000000008001edc                MemManage_Handler
 .text.BusFault_Handler
                0x0000000008001ee2        0x6 ./Core/Src/stm32f1xx_it.o
                0x0000000008001ee2                BusFault_Handler
 .text.UsageFault_Handler
                0x0000000008001ee8        0x6 ./Core/Src/stm32f1xx_it.o
                0x0000000008001ee8                UsageFault_Handler
 .text.SVC_Handler
                0x0000000008001eee        0xc ./Core/Src/stm32f1xx_it.o
                0x0000000008001eee                SVC_Handler
 .text.DebugMon_Handler
                0x0000000008001efa        0xc ./Core/Src/stm32f1xx_it.o
                0x0000000008001efa                DebugMon_Handler
 .text.PendSV_Handler
                0x0000000008001f06        0xc ./Core/Src/stm32f1xx_it.o
                0x0000000008001f06                PendSV_Handler
 .text.SysTick_Handler
                0x0000000008001f12        0xc ./Core/Src/stm32f1xx_it.o
                0x0000000008001f12                SysTick_Handler
 .text.EXTI0_IRQHandler
                0x0000000008001f1e        0xe ./Core/Src/stm32f1xx_it.o
                0x0000000008001f1e                EXTI0_IRQHandler
 .text.EXTI1_IRQHandler
                0x0000000008001f2c        0xe ./Core/Src/stm32f1xx_it.o
                0x0000000008001f2c                EXTI1_IRQHandler
 *fill*         0x0000000008001f3a        0x2 
 .text.CAN1_RX1_IRQHandler
                0x0000000008001f3c       0x14 ./Core/Src/stm32f1xx_it.o
                0x0000000008001f3c                CAN1_RX1_IRQHandler
 .text.EXTI9_5_IRQHandler
                0x0000000008001f50       0x18 ./Core/Src/stm32f1xx_it.o
                0x0000000008001f50                EXTI9_5_IRQHandler
 .text.TIM2_IRQHandler
                0x0000000008001f68       0x14 ./Core/Src/stm32f1xx_it.o
                0x0000000008001f68                TIM2_IRQHandler
 .text.SystemInit
                0x0000000008001f7c        0xc ./Core/Src/system_stm32f1xx.o
                0x0000000008001f7c                SystemInit
 .text.MX_TIM2_Init
                0x0000000008001f88       0x9c ./Core/Src/tim.o
                0x0000000008001f88                MX_TIM2_Init
 .text.MX_TIM3_Init
                0x0000000008002024      0x104 ./Core/Src/tim.o
                0x0000000008002024                MX_TIM3_Init
 .text.MX_TIM4_Init
                0x0000000008002128      0x104 ./Core/Src/tim.o
                0x0000000008002128                MX_TIM4_Init
 .text.HAL_TIM_Base_MspInit
                0x000000000800222c       0x98 ./Core/Src/tim.o
                0x000000000800222c                HAL_TIM_Base_MspInit
 .text.HAL_TIM_MspPostInit
                0x00000000080022c4       0xd0 ./Core/Src/tim.o
                0x00000000080022c4                HAL_TIM_MspPostInit
 .text.Reset_Handler
                0x0000000008002394       0x48 ./Core/Startup/startup_stm32f103c8tx.o
                0x0000000008002394                Reset_Handler
 .text.Default_Handler
                0x00000000080023dc        0x2 ./Core/Startup/startup_stm32f103c8tx.o
                0x00000000080023dc                RTC_Alarm_IRQHandler
                0x00000000080023dc                EXTI2_IRQHandler
                0x00000000080023dc                TIM1_CC_IRQHandler
                0x00000000080023dc                PVD_IRQHandler
                0x00000000080023dc                EXTI3_IRQHandler
                0x00000000080023dc                I2C2_EV_IRQHandler
                0x00000000080023dc                ADC1_2_IRQHandler
                0x00000000080023dc                SPI1_IRQHandler
                0x00000000080023dc                TAMPER_IRQHandler
                0x00000000080023dc                DMA1_Channel4_IRQHandler
                0x00000000080023dc                USART3_IRQHandler
                0x00000000080023dc                RTC_IRQHandler
                0x00000000080023dc                DMA1_Channel7_IRQHandler
                0x00000000080023dc                TIM4_IRQHandler
                0x00000000080023dc                I2C1_EV_IRQHandler
                0x00000000080023dc                DMA1_Channel6_IRQHandler
                0x00000000080023dc                TIM3_IRQHandler
                0x00000000080023dc                RCC_IRQHandler
                0x00000000080023dc                TIM1_TRG_COM_IRQHandler
                0x00000000080023dc                DMA1_Channel1_IRQHandler
                0x00000000080023dc                Default_Handler
                0x00000000080023dc                EXTI15_10_IRQHandler
                0x00000000080023dc                SPI2_IRQHandler
                0x00000000080023dc                DMA1_Channel5_IRQHandler
                0x00000000080023dc                EXTI4_IRQHandler
                0x00000000080023dc                USB_LP_CAN1_RX0_IRQHandler
                0x00000000080023dc                USB_HP_CAN1_TX_IRQHandler
                0x00000000080023dc                DMA1_Channel3_IRQHandler
                0x00000000080023dc                TIM1_UP_IRQHandler
                0x00000000080023dc                WWDG_IRQHandler
                0x00000000080023dc                TIM1_BRK_IRQHandler
                0x00000000080023dc                USART2_IRQHandler
                0x00000000080023dc                I2C2_ER_IRQHandler
                0x00000000080023dc                DMA1_Channel2_IRQHandler
                0x00000000080023dc                CAN1_SCE_IRQHandler
                0x00000000080023dc                FLASH_IRQHandler
                0x00000000080023dc                USART1_IRQHandler
                0x00000000080023dc                I2C1_ER_IRQHandler
                0x00000000080023dc                USBWakeUp_IRQHandler
 *fill*         0x00000000080023de        0x2 
 .text.HAL_Init
                0x00000000080023e0       0x2c ./Drivers/STM32F1xx_HAL_Driver/Src/stm32f1xx_hal.o
                0x00000000080023e0                HAL_Init
 .text.HAL_InitTick
                0x000000000800240c       0x60 ./Drivers/STM32F1xx_HAL_Driver/Src/stm32f1xx_hal.o
                0x000000000800240c                HAL_InitTick
 .text.HAL_IncTick
                0x000000000800246c       0x24 ./Drivers/STM32F1xx_HAL_Driver/Src/stm32f1xx_hal.o
                0x000000000800246c                HAL_IncTick
 .text.HAL_GetTick
                0x0000000008002490       0x14 ./Drivers/STM32F1xx_HAL_Driver/Src/stm32f1xx_hal.o
                0x0000000008002490                HAL_GetTick
 .text.HAL_CAN_Init
                0x00000000080024a4      0x1f6 ./Drivers/STM32F1xx_HAL_Driver/Src/stm32f1xx_hal_can.o
                0x00000000080024a4                HAL_CAN_Init
 .text.HAL_CAN_ConfigFilter
                0x000000000800269a      0x192 ./Drivers/STM32F1xx_HAL_Driver/Src/stm32f1xx_hal_can.o
                0x000000000800269a                HAL_CAN_ConfigFilter
 .text.HAL_CAN_Start
                0x000000000800282c       0x88 ./Drivers/STM32F1xx_HAL_Driver/Src/stm32f1xx_hal_can.o
                0x000000000800282c                HAL_CAN_Start
 .text.HAL_CAN_AddTxMessage
                0x00000000080028b4      0x1b4 ./Drivers/STM32F1xx_HAL_Driver/Src/stm32f1xx_hal_can.o
                0x00000000080028b4                HAL_CAN_AddTxMessage
 .text.HAL_CAN_GetRxMessage
                0x0000000008002a68      0x222 ./Drivers/STM32F1xx_HAL_Driver/Src/stm32f1xx_hal_can.o
                0x0000000008002a68                HAL_CAN_GetRxMessage
 .text.HAL_CAN_ActivateNotification
                0x0000000008002c8a       0x4a ./Drivers/STM32F1xx_HAL_Driver/Src/stm32f1xx_hal_can.o
                0x0000000008002c8a                HAL_CAN_ActivateNotification
 .text.HAL_CAN_IRQHandler
                0x0000000008002cd4      0x36e ./Drivers/STM32F1xx_HAL_Driver/Src/stm32f1xx_hal_can.o
                0x0000000008002cd4                HAL_CAN_IRQHandler
 .text.HAL_CAN_TxMailbox0CompleteCallback
                0x0000000008003042       0x12 ./Drivers/STM32F1xx_HAL_Driver/Src/stm32f1xx_hal_can.o
                0x0000000008003042                HAL_CAN_TxMailbox0CompleteCallback
 .text.HAL_CAN_TxMailbox1CompleteCallback
                0x0000000008003054       0x12 ./Drivers/STM32F1xx_HAL_Driver/Src/stm32f1xx_hal_can.o
                0x0000000008003054                HAL_CAN_TxMailbox1CompleteCallback
 .text.HAL_CAN_TxMailbox2CompleteCallback
                0x0000000008003066       0x12 ./Drivers/STM32F1xx_HAL_Driver/Src/stm32f1xx_hal_can.o
                0x0000000008003066                HAL_CAN_TxMailbox2CompleteCallback
 .text.HAL_CAN_TxMailbox0AbortCallback
                0x0000000008003078       0x12 ./Drivers/STM32F1xx_HAL_Driver/Src/stm32f1xx_hal_can.o
                0x0000000008003078                HAL_CAN_TxMailbox0AbortCallback
 .text.HAL_CAN_TxMailbox1AbortCallback
                0x000000000800308a       0x12 ./Drivers/STM32F1xx_HAL_Driver/Src/stm32f1xx_hal_can.o
                0x000000000800308a                HAL_CAN_TxMailbox1AbortCallback
 .text.HAL_CAN_TxMailbox2AbortCallback
                0x000000000800309c       0x12 ./Drivers/STM32F1xx_HAL_Driver/Src/stm32f1xx_hal_can.o
                0x000000000800309c                HAL_CAN_TxMailbox2AbortCallback
 .text.HAL_CAN_RxFifo0MsgPendingCallback
                0x00000000080030ae       0x12 ./Drivers/STM32F1xx_HAL_Driver/Src/stm32f1xx_hal_can.o
                0x00000000080030ae                HAL_CAN_RxFifo0MsgPendingCallback
 .text.HAL_CAN_RxFifo0FullCallback
                0x00000000080030c0       0x12 ./Drivers/STM32F1xx_HAL_Driver/Src/stm32f1xx_hal_can.o
                0x00000000080030c0                HAL_CAN_RxFifo0FullCallback
 .text.HAL_CAN_RxFifo1FullCallback
                0x00000000080030d2       0x12 ./Drivers/STM32F1xx_HAL_Driver/Src/stm32f1xx_hal_can.o
                0x00000000080030d2                HAL_CAN_RxFifo1FullCallback
 .text.HAL_CAN_SleepCallback
                0x00000000080030e4       0x12 ./Drivers/STM32F1xx_HAL_Driver/Src/stm32f1xx_hal_can.o
                0x00000000080030e4                HAL_CAN_SleepCallback
 .text.HAL_CAN_WakeUpFromRxMsgCallback
                0x00000000080030f6       0x12 ./Drivers/STM32F1xx_HAL_Driver/Src/stm32f1xx_hal_can.o
                0x00000000080030f6                HAL_CAN_WakeUpFromRxMsgCallback
 .text.HAL_CAN_ErrorCallback
                0x0000000008003108       0x12 ./Drivers/STM32F1xx_HAL_Driver/Src/stm32f1xx_hal_can.o
                0x0000000008003108                HAL_CAN_ErrorCallback
 *fill*         0x000000000800311a        0x2 
 .text.__NVIC_SetPriorityGrouping
                0x000000000800311c       0x48 ./Drivers/STM32F1xx_HAL_Driver/Src/stm32f1xx_hal_cortex.o
 .text.__NVIC_GetPriorityGrouping
                0x0000000008003164       0x1c ./Drivers/STM32F1xx_HAL_Driver/Src/stm32f1xx_hal_cortex.o
 .text.__NVIC_EnableIRQ
                0x0000000008003180       0x38 ./Drivers/STM32F1xx_HAL_Driver/Src/stm32f1xx_hal_cortex.o
 .text.__NVIC_SetPriority
                0x00000000080031b8       0x54 ./Drivers/STM32F1xx_HAL_Driver/Src/stm32f1xx_hal_cortex.o
 .text.NVIC_EncodePriority
                0x000000000800320c       0x64 ./Drivers/STM32F1xx_HAL_Driver/Src/stm32f1xx_hal_cortex.o
 .text.SysTick_Config
                0x0000000008003270       0x44 ./Drivers/STM32F1xx_HAL_Driver/Src/stm32f1xx_hal_cortex.o
 .text.HAL_NVIC_SetPriorityGrouping
                0x00000000080032b4       0x16 ./Drivers/STM32F1xx_HAL_Driver/Src/stm32f1xx_hal_cortex.o
                0x00000000080032b4                HAL_NVIC_SetPriorityGrouping
 .text.HAL_NVIC_SetPriority
                0x00000000080032ca       0x38 ./Drivers/STM32F1xx_HAL_Driver/Src/stm32f1xx_hal_cortex.o
                0x00000000080032ca                HAL_NVIC_SetPriority
 .text.HAL_NVIC_EnableIRQ
                0x0000000008003302       0x1c ./Drivers/STM32F1xx_HAL_Driver/Src/stm32f1xx_hal_cortex.o
                0x0000000008003302                HAL_NVIC_EnableIRQ
 .text.HAL_SYSTICK_Config
                0x000000000800331e       0x18 ./Drivers/STM32F1xx_HAL_Driver/Src/stm32f1xx_hal_cortex.o
                0x000000000800331e                HAL_SYSTICK_Config
 *fill*         0x0000000008003336        0x2 
 .text.HAL_GPIO_Init
                0x0000000008003338      0x308 ./Drivers/STM32F1xx_HAL_Driver/Src/stm32f1xx_hal_gpio.o
                0x0000000008003338                HAL_GPIO_Init
 .text.HAL_GPIO_ReadPin
                0x0000000008003640       0x2e ./Drivers/STM32F1xx_HAL_Driver/Src/stm32f1xx_hal_gpio.o
                0x0000000008003640                HAL_GPIO_ReadPin
 .text.HAL_GPIO_WritePin
                0x000000000800366e       0x30 ./Drivers/STM32F1xx_HAL_Driver/Src/stm32f1xx_hal_gpio.o
                0x000000000800366e                HAL_GPIO_WritePin
 .text.HAL_GPIO_TogglePin
                0x000000000800369e       0x32 ./Drivers/STM32F1xx_HAL_Driver/Src/stm32f1xx_hal_gpio.o
                0x000000000800369e                HAL_GPIO_TogglePin
 .text.HAL_GPIO_EXTI_IRQHandler
                0x00000000080036d0       0x30 ./Drivers/STM32F1xx_HAL_Driver/Src/stm32f1xx_hal_gpio.o
                0x00000000080036d0                HAL_GPIO_EXTI_IRQHandler
 .text.HAL_RCC_OscConfig
                0x0000000008003700      0x504 ./Drivers/STM32F1xx_HAL_Driver/Src/stm32f1xx_hal_rcc.o
                0x0000000008003700                HAL_RCC_OscConfig
 .text.HAL_RCC_ClockConfig
                0x0000000008003c04      0x1d4 ./Drivers/STM32F1xx_HAL_Driver/Src/stm32f1xx_hal_rcc.o
                0x0000000008003c04                HAL_RCC_ClockConfig
 .text.HAL_RCC_GetSysClockFreq
                0x0000000008003dd8       0xbc ./Drivers/STM32F1xx_HAL_Driver/Src/stm32f1xx_hal_rcc.o
                0x0000000008003dd8                HAL_RCC_GetSysClockFreq
 .text.RCC_Delay
                0x0000000008003e94       0x3c ./Drivers/STM32F1xx_HAL_Driver/Src/stm32f1xx_hal_rcc.o
 .text.HAL_TIM_Base_Init
                0x0000000008003ed0       0x9e ./Drivers/STM32F1xx_HAL_Driver/Src/stm32f1xx_hal_tim.o
                0x0000000008003ed0                HAL_TIM_Base_Init
 *fill*         0x0000000008003f6e        0x2 
 .text.HAL_TIM_Base_Start_IT
                0x0000000008003f70       0xa4 ./Drivers/STM32F1xx_HAL_Driver/Src/stm32f1xx_hal_tim.o
                0x0000000008003f70                HAL_TIM_Base_Start_IT
 .text.HAL_TIM_PWM_Init
                0x0000000008004014       0x9e ./Drivers/STM32F1xx_HAL_Driver/Src/stm32f1xx_hal_tim.o
                0x0000000008004014                HAL_TIM_PWM_Init
 .text.HAL_TIM_PWM_MspInit
                0x00000000080040b2       0x12 ./Drivers/STM32F1xx_HAL_Driver/Src/stm32f1xx_hal_tim.o
                0x00000000080040b2                HAL_TIM_PWM_MspInit
 .text.HAL_TIM_PWM_Start
                0x00000000080040c4      0x144 ./Drivers/STM32F1xx_HAL_Driver/Src/stm32f1xx_hal_tim.o
                0x00000000080040c4                HAL_TIM_PWM_Start
 .text.HAL_TIM_IRQHandler
                0x0000000008004208      0x210 ./Drivers/STM32F1xx_HAL_Driver/Src/stm32f1xx_hal_tim.o
                0x0000000008004208                HAL_TIM_IRQHandler
 .text.HAL_TIM_PWM_ConfigChannel
                0x0000000008004418      0x17c ./Drivers/STM32F1xx_HAL_Driver/Src/stm32f1xx_hal_tim.o
                0x0000000008004418                HAL_TIM_PWM_ConfigChannel
 .text.HAL_TIM_ConfigClockSource
                0x0000000008004594      0x188 ./Drivers/STM32F1xx_HAL_Driver/Src/stm32f1xx_hal_tim.o
                0x0000000008004594                HAL_TIM_ConfigClockSource
 .text.HAL_TIM_OC_DelayElapsedCallback
                0x000000000800471c       0x12 ./Drivers/STM32F1xx_HAL_Driver/Src/stm32f1xx_hal_tim.o
                0x000000000800471c                HAL_TIM_OC_DelayElapsedCallback
 .text.HAL_TIM_IC_CaptureCallback
                0x000000000800472e       0x12 ./Drivers/STM32F1xx_HAL_Driver/Src/stm32f1xx_hal_tim.o
                0x000000000800472e                HAL_TIM_IC_CaptureCallback
 .text.HAL_TIM_PWM_PulseFinishedCallback
                0x0000000008004740       0x12 ./Drivers/STM32F1xx_HAL_Driver/Src/stm32f1xx_hal_tim.o
                0x0000000008004740                HAL_TIM_PWM_PulseFinishedCallback
 .text.HAL_TIM_TriggerCallback
                0x0000000008004752       0x12 ./Drivers/STM32F1xx_HAL_Driver/Src/stm32f1xx_hal_tim.o
                0x0000000008004752                HAL_TIM_TriggerCallback
 .text.TIM_Base_SetConfig
                0x0000000008004764       0xc4 ./Drivers/STM32F1xx_HAL_Driver/Src/stm32f1xx_hal_tim.o
                0x0000000008004764                TIM_Base_SetConfig
 .text.TIM_OC1_SetConfig
                0x0000000008004828       0xcc ./Drivers/STM32F1xx_HAL_Driver/Src/stm32f1xx_hal_tim.o
 .text.TIM_OC2_SetConfig
                0x00000000080048f4       0xd4 ./Drivers/STM32F1xx_HAL_Driver/Src/stm32f1xx_hal_tim.o
                0x00000000080048f4                TIM_OC2_SetConfig
 .text.TIM_OC3_SetConfig
                0x00000000080049c8       0xd4 ./Drivers/STM32F1xx_HAL_Driver/Src/stm32f1xx_hal_tim.o
 .text.TIM_OC4_SetConfig
                0x0000000008004a9c       0x9c ./Drivers/STM32F1xx_HAL_Driver/Src/stm32f1xx_hal_tim.o
 .text.TIM_TI1_ConfigInputStage
                0x0000000008004b38       0x5c ./Drivers/STM32F1xx_HAL_Driver/Src/stm32f1xx_hal_tim.o
 .text.TIM_TI2_ConfigInputStage
                0x0000000008004b94       0x5e ./Drivers/STM32F1xx_HAL_Driver/Src/stm32f1xx_hal_tim.o
 .text.TIM_ITRx_SetConfig
                0x0000000008004bf2       0x34 ./Drivers/STM32F1xx_HAL_Driver/Src/stm32f1xx_hal_tim.o
 .text.TIM_ETR_SetConfig
                0x0000000008004c26       0x3e ./Drivers/STM32F1xx_HAL_Driver/Src/stm32f1xx_hal_tim.o
                0x0000000008004c26                TIM_ETR_SetConfig
 .text.TIM_CCxChannelCmd
                0x0000000008004c64       0x48 ./Drivers/STM32F1xx_HAL_Driver/Src/stm32f1xx_hal_tim.o
                0x0000000008004c64                TIM_CCxChannelCmd
 .text.HAL_TIMEx_MasterConfigSynchronization
                0x0000000008004cac       0xbc ./Drivers/STM32F1xx_HAL_Driver/Src/stm32f1xx_hal_tim_ex.o
                0x0000000008004cac                HAL_TIMEx_MasterConfigSynchronization
 .text.HAL_TIMEx_CommutCallback
                0x0000000008004d68       0x12 ./Drivers/STM32F1xx_HAL_Driver/Src/stm32f1xx_hal_tim_ex.o
                0x0000000008004d68                HAL_TIMEx_CommutCallback
 .text.HAL_TIMEx_BreakCallback
                0x0000000008004d7a       0x12 ./Drivers/STM32F1xx_HAL_Driver/Src/stm32f1xx_hal_tim_ex.o
                0x0000000008004d7a                HAL_TIMEx_BreakCallback
 .text.__libc_init_array
                0x0000000008004d8c       0x48 /opt/st/stm32cubeide_1.10.1/plugins/com.st.stm32cube.ide.mcu.externaltools.gnu-tools-for-stm32.10.3-2021.10.linux64_1.0.0.202111181127/tools/bin/../lib/gcc/arm-none-eabi/10.3.1/../../../../arm-none-eabi/lib/thumb/v7-m/nofp/libc_nano.a(lib_a-init.o)
                0x0000000008004d8c                __libc_init_array
 .text.memset   0x0000000008004dd4       0x10 /opt/st/stm32cubeide_1.10.1/plugins/com.st.stm32cube.ide.mcu.externaltools.gnu-tools-for-stm32.10.3-2021.10.linux64_1.0.0.202111181127/tools/bin/../lib/gcc/arm-none-eabi/10.3.1/../../../../arm-none-eabi/lib/thumb/v7-m/nofp/libc_nano.a(lib_a-memset.o)
                0x0000000008004dd4                memset
 *(.glue_7)
 .glue_7        0x0000000008004de4        0x0 linker stubs
 *(.glue_7t)
 .glue_7t       0x0000000008004de4        0x0 linker stubs
 *(.eh_frame)
 .eh_frame      0x0000000008004de4        0x0 /opt/st/stm32cubeide_1.10.1/plugins/com.st.stm32cube.ide.mcu.externaltools.gnu-tools-for-stm32.10.3-2021.10.linux64_1.0.0.202111181127/tools/bin/../lib/gcc/arm-none-eabi/10.3.1/thumb/v7-m/nofp/crtbegin.o
 *(.init)
 .init          0x0000000008004de4        0x4 /opt/st/stm32cubeide_1.10.1/plugins/com.st.stm32cube.ide.mcu.externaltools.gnu-tools-for-stm32.10.3-2021.10.linux64_1.0.0.202111181127/tools/bin/../lib/gcc/arm-none-eabi/10.3.1/thumb/v7-m/nofp/crti.o
                0x0000000008004de4                _init
 .init          0x0000000008004de8        0x8 /opt/st/stm32cubeide_1.10.1/plugins/com.st.stm32cube.ide.mcu.externaltools.gnu-tools-for-stm32.10.3-2021.10.linux64_1.0.0.202111181127/tools/bin/../lib/gcc/arm-none-eabi/10.3.1/thumb/v7-m/nofp/crtn.o
 *(.fini)
 .fini          0x0000000008004df0        0x4 /opt/st/stm32cubeide_1.10.1/plugins/com.st.stm32cube.ide.mcu.externaltools.gnu-tools-for-stm32.10.3-2021.10.linux64_1.0.0.202111181127/tools/bin/../lib/gcc/arm-none-eabi/10.3.1/thumb/v7-m/nofp/crti.o
                0x0000000008004df0                _fini
 .fini          0x0000000008004df4        0x8 /opt/st/stm32cubeide_1.10.1/plugins/com.st.stm32cube.ide.mcu.externaltools.gnu-tools-for-stm32.10.3-2021.10.linux64_1.0.0.202111181127/tools/bin/../lib/gcc/arm-none-eabi/10.3.1/thumb/v7-m/nofp/crtn.o
                0x0000000008004dfc                . = ALIGN (0x4)
                0x0000000008004dfc                _etext = .

.vfp11_veneer   0x0000000008004dfc        0x0
 .vfp11_veneer  0x0000000008004dfc        0x0 linker stubs

.v4_bx          0x0000000008004dfc        0x0
 .v4_bx         0x0000000008004dfc        0x0 linker stubs

.iplt           0x0000000008004dfc        0x0
 .iplt          0x0000000008004dfc        0x0 /opt/st/stm32cubeide_1.10.1/plugins/com.st.stm32cube.ide.mcu.externaltools.gnu-tools-for-stm32.10.3-2021.10.linux64_1.0.0.202111181127/tools/bin/../lib/gcc/arm-none-eabi/10.3.1/thumb/v7-m/nofp/crtbegin.o

.rodata         0x0000000008004dfc       0x20
                0x0000000008004dfc                . = ALIGN (0x4)
 *(.rodata)
 .rodata        0x0000000008004dfc       0x10 ./Drivers/STM32F1xx_HAL_Driver/Src/stm32f1xx_hal_rcc.o
 *(.rodata*)
 .rodata.AHBPrescTable
                0x0000000008004e0c       0x10 ./Core/Src/system_stm32f1xx.o
                0x0000000008004e0c                AHBPrescTable
                0x0000000008004e1c                . = ALIGN (0x4)

.rel.dyn        0x0000000008004e1c        0x0
 .rel.iplt      0x0000000008004e1c        0x0 /opt/st/stm32cubeide_1.10.1/plugins/com.st.stm32cube.ide.mcu.externaltools.gnu-tools-for-stm32.10.3-2021.10.linux64_1.0.0.202111181127/tools/bin/../lib/gcc/arm-none-eabi/10.3.1/thumb/v7-m/nofp/crtbegin.o

.ARM.extab      0x0000000008004e1c        0x0
                0x0000000008004e1c                . = ALIGN (0x4)
 *(.ARM.extab* .gnu.linkonce.armextab.*)
                0x0000000008004e1c                . = ALIGN (0x4)

.ARM            0x0000000008004e1c        0x0
                0x0000000008004e1c                . = ALIGN (0x4)
                0x0000000008004e1c                __exidx_start = .
 *(.ARM.exidx*)
                0x0000000008004e1c                __exidx_end = .
                0x0000000008004e1c                . = ALIGN (0x4)

.preinit_array  0x0000000008004e1c        0x0
                0x0000000008004e1c                . = ALIGN (0x4)
                0x0000000008004e1c                PROVIDE (__preinit_array_start = .)
 *(.preinit_array*)
                0x0000000008004e1c                PROVIDE (__preinit_array_end = .)
                0x0000000008004e1c                . = ALIGN (0x4)

.init_array     0x0000000008004e1c        0x4
                0x0000000008004e1c                . = ALIGN (0x4)
                0x0000000008004e1c                PROVIDE (__init_array_start = .)
 *(SORT_BY_NAME(.init_array.*))
 *(.init_array*)
 .init_array    0x0000000008004e1c        0x4 /opt/st/stm32cubeide_1.10.1/plugins/com.st.stm32cube.ide.mcu.externaltools.gnu-tools-for-stm32.10.3-2021.10.linux64_1.0.0.202111181127/tools/bin/../lib/gcc/arm-none-eabi/10.3.1/thumb/v7-m/nofp/crtbegin.o
                0x0000000008004e20                PROVIDE (__init_array_end = .)
                0x0000000008004e20                . = ALIGN (0x4)

.fini_array     0x0000000008004e20        0x4
                0x0000000008004e20                . = ALIGN (0x4)
                [!provide]                        PROVIDE (__fini_array_start = .)
 *(SORT_BY_NAME(.fini_array.*))
 *(.fini_array*)
 .fini_array    0x0000000008004e20        0x4 /opt/st/stm32cubeide_1.10.1/plugins/com.st.stm32cube.ide.mcu.externaltools.gnu-tools-for-stm32.10.3-2021.10.linux64_1.0.0.202111181127/tools/bin/../lib/gcc/arm-none-eabi/10.3.1/thumb/v7-m/nofp/crtbegin.o
                [!provide]                        PROVIDE (__fini_array_end = .)
                0x0000000008004e24                . = ALIGN (0x4)
                0x0000000008004e24                _sidata = LOADADDR (.data)

.data           0x0000000020000000       0x24 load address 0x0000000008004e24
                0x0000000020000000                . = ALIGN (0x4)
                0x0000000020000000                _sdata = .
 *(.data)
 *(.data*)
 .data.Driver   0x0000000020000000        0x1 ./Core/Src/main.o
                0x0000000020000000                Driver
 *fill*         0x0000000020000001        0x3 
 .data.RxData1  0x0000000020000004        0x4 ./Core/Src/main.o
                0x0000000020000004                RxData1
 .data.RxData2  0x0000000020000008        0x4 ./Core/Src/main.o
                0x0000000020000008                RxData2
 .data.RxData3  0x000000002000000c        0x4 ./Core/Src/main.o
                0x000000002000000c                RxData3
 .data.RxData4  0x0000000020000010        0x4 ./Core/Src/main.o
                0x0000000020000010                RxData4
 .data.V1_out   0x0000000020000014        0x2 ./Core/Src/main.o
                0x0000000020000014                V1_out
 .data.V2_out   0x0000000020000016        0x2 ./Core/Src/main.o
                0x0000000020000016                V2_out
 .data.SystemCoreClock
                0x0000000020000018        0x4 ./Core/Src/system_stm32f1xx.o
                0x0000000020000018                SystemCoreClock
 .data.uwTickPrio
                0x000000002000001c        0x4 ./Drivers/STM32F1xx_HAL_Driver/Src/stm32f1xx_hal.o
                0x000000002000001c                uwTickPrio
 .data.uwTickFreq
                0x0000000020000020        0x1 ./Drivers/STM32F1xx_HAL_Driver/Src/stm32f1xx_hal.o
                0x0000000020000020                uwTickFreq
 *(.RamFunc)
 *(.RamFunc*)
                0x0000000020000024                . = ALIGN (0x4)
 *fill*         0x0000000020000021        0x3 
                0x0000000020000024                _edata = .

.igot.plt       0x0000000020000024        0x0 load address 0x0000000008004e48
 .igot.plt      0x0000000020000024        0x0 /opt/st/stm32cubeide_1.10.1/plugins/com.st.stm32cube.ide.mcu.externaltools.gnu-tools-for-stm32.10.3-2021.10.linux64_1.0.0.202111181127/tools/bin/../lib/gcc/arm-none-eabi/10.3.1/thumb/v7-m/nofp/crtbegin.o
                0x0000000020000024                . = ALIGN (0x4)

.bss            0x0000000020000024      0x1fc load address 0x0000000008004e48
                0x0000000020000024                _sbss = .
                0x0000000020000024                __bss_start__ = _sbss
 *(.bss)
 .bss           0x0000000020000024       0x1c /opt/st/stm32cubeide_1.10.1/plugins/com.st.stm32cube.ide.mcu.externaltools.gnu-tools-for-stm32.10.3-2021.10.linux64_1.0.0.202111181127/tools/bin/../lib/gcc/arm-none-eabi/10.3.1/thumb/v7-m/nofp/crtbegin.o
 *(.bss*)
 .bss.hcan      0x0000000020000040       0x28 ./Core/Src/can.o
                0x0000000020000040                hcan
 .bss.MPID      0x0000000020000068       0x40 ./Core/Src/main.o
                0x0000000020000068                MPID
 .bss.nowA      0x00000000200000a8        0x2 ./Core/Src/main.o
                0x00000000200000a8                nowA
 *fill*         0x00000000200000aa        0x2 
 .bss.nowB      0x00000000200000ac        0x2 ./Core/Src/main.o
                0x00000000200000ac                nowB
 *fill*         0x00000000200000ae        0x2 
 .bss.lastA     0x00000000200000b0        0x2 ./Core/Src/main.o
                0x00000000200000b0                lastA
 *fill*         0x00000000200000b2        0x2 
 .bss.lastB     0x00000000200000b4        0x2 ./Core/Src/main.o
                0x00000000200000b4                lastB
 *fill*         0x00000000200000b6        0x2 
 .bss.dir       0x00000000200000b8        0x2 ./Core/Src/main.o
                0x00000000200000b8                dir
 *fill*         0x00000000200000ba        0x2 
 .bss.cnt       0x00000000200000bc        0x4 ./Core/Src/main.o
                0x00000000200000bc                cnt
 .bss.Enc_count
                0x00000000200000c0        0x4 ./Core/Src/main.o
                0x00000000200000c0                Enc_count
 .bss.count     0x00000000200000c4        0x4 ./Core/Src/main.o
                0x00000000200000c4                count
 .bss.new_count
                0x00000000200000c8        0x4 ./Core/Src/main.o
                0x00000000200000c8                new_count
 .bss.count_state
                0x00000000200000cc        0x2 ./Core/Src/main.o
                0x00000000200000cc                count_state
 *fill*         0x00000000200000ce        0x2 
 .bss.diff      0x00000000200000d0        0x4 ./Core/Src/main.o
                0x00000000200000d0                diff
 .bss.speedM    0x00000000200000d4        0x8 ./Core/Src/main.o
                0x00000000200000d4                speedM
 .bss.rdps      0x00000000200000dc        0x8 ./Core/Src/main.o
                0x00000000200000dc                rdps
 .bss.Motor1_speed
                0x00000000200000e4        0x4 ./Core/Src/main.o
                0x00000000200000e4                Motor1_speed
 .bss.Motor2_speed
                0x00000000200000e8        0x4 ./Core/Src/main.o
                0x00000000200000e8                Motor2_speed
 .bss.V1        0x00000000200000ec        0x4 ./Core/Src/main.o
                0x00000000200000ec                V1
 .bss.V2        0x00000000200000f0        0x4 ./Core/Src/main.o
                0x00000000200000f0                V2
 .bss.pwm_M1    0x00000000200000f4        0x4 ./Core/Src/main.o
                0x00000000200000f4                pwm_M1
 .bss.pwm_M2    0x00000000200000f8        0x4 ./Core/Src/main.o
                0x00000000200000f8                pwm_M2
 .bss.flag      0x00000000200000fc        0x1 ./Core/Src/main.o
                0x00000000200000fc                flag
 .bss.cntt      0x00000000200000fd        0x1 ./Core/Src/main.o
                0x00000000200000fd                cntt
 *fill*         0x00000000200000fe        0x2 
 .bss.RxHeader  0x0000000020000100       0x1c ./Core/Src/main.o
                0x0000000020000100                RxHeader
 .bss.RxData    0x000000002000011c        0x8 ./Core/Src/main.o
                0x000000002000011c                RxData
 .bss.TxHeader  0x0000000020000124       0x18 ./Core/Src/main.o
                0x0000000020000124                TxHeader
 .bss.TxData    0x000000002000013c        0x4 ./Core/Src/main.o
                0x000000002000013c                TxData
 .bss.TxMailbox
                0x0000000020000140        0x4 ./Core/Src/main.o
                0x0000000020000140                TxMailbox
 .bss.htim2     0x0000000020000144       0x48 ./Core/Src/tim.o
                0x0000000020000144                htim2
 .bss.htim3     0x000000002000018c       0x48 ./Core/Src/tim.o
                0x000000002000018c                htim3
 .bss.htim4     0x00000000200001d4       0x48 ./Core/Src/tim.o
                0x00000000200001d4                htim4
 .bss.uwTick    0x000000002000021c        0x4 ./Drivers/STM32F1xx_HAL_Driver/Src/stm32f1xx_hal.o
                0x000000002000021c                uwTick
 *(COMMON)
                0x0000000020000220                . = ALIGN (0x4)
                0x0000000020000220                _ebss = .
                0x0000000020000220                __bss_end__ = _ebss

._user_heap_stack
                0x0000000020000220      0x600 load address 0x0000000008004e48
                0x0000000020000220                . = ALIGN (0x8)
                [!provide]                        PROVIDE (end = .)
                0x0000000020000220                PROVIDE (_end = .)
                0x0000000020000420                . = (. + _Min_Heap_Size)
 *fill*         0x0000000020000220      0x200 
                0x0000000020000820                . = (. + _Min_Stack_Size)
 *fill*         0x0000000020000420      0x400 
                0x0000000020000820                . = ALIGN (0x8)

/DISCARD/
 libc.a(*)
 libm.a(*)
 libgcc.a(*)

.ARM.attributes
                0x0000000000000000       0x29
 *(.ARM.attributes)
 .ARM.attributes
                0x0000000000000000       0x1d /opt/st/stm32cubeide_1.10.1/plugins/com.st.stm32cube.ide.mcu.externaltools.gnu-tools-for-stm32.10.3-2021.10.linux64_1.0.0.202111181127/tools/bin/../lib/gcc/arm-none-eabi/10.3.1/thumb/v7-m/nofp/crti.o
 .ARM.attributes
                0x000000000000001d       0x2d /opt/st/stm32cubeide_1.10.1/plugins/com.st.stm32cube.ide.mcu.externaltools.gnu-tools-for-stm32.10.3-2021.10.linux64_1.0.0.202111181127/tools/bin/../lib/gcc/arm-none-eabi/10.3.1/thumb/v7-m/nofp/crtbegin.o
 .ARM.attributes
                0x000000000000004a       0x2d ./Core/Src/PID.o
 .ARM.attributes
                0x0000000000000077       0x2d ./Core/Src/can.o
 .ARM.attributes
                0x00000000000000a4       0x2d ./Core/Src/gpio.o
 .ARM.attributes
                0x00000000000000d1       0x2d ./Core/Src/main.o
 .ARM.attributes
                0x00000000000000fe       0x2d ./Core/Src/stm32f1xx_hal_msp.o
 .ARM.attributes
                0x000000000000012b       0x2d ./Core/Src/stm32f1xx_it.o
 .ARM.attributes
                0x0000000000000158       0x2d ./Core/Src/system_stm32f1xx.o
 .ARM.attributes
                0x0000000000000185       0x2d ./Core/Src/tim.o
 .ARM.attributes
                0x00000000000001b2       0x21 ./Core/Startup/startup_stm32f103c8tx.o
 .ARM.attributes
                0x00000000000001d3       0x2d ./Drivers/STM32F1xx_HAL_Driver/Src/stm32f1xx_hal.o
 .ARM.attributes
                0x0000000000000200       0x2d ./Drivers/STM32F1xx_HAL_Driver/Src/stm32f1xx_hal_can.o
 .ARM.attributes
                0x000000000000022d       0x2d ./Drivers/STM32F1xx_HAL_Driver/Src/stm32f1xx_hal_cortex.o
 .ARM.attributes
                0x000000000000025a       0x2d ./Drivers/STM32F1xx_HAL_Driver/Src/stm32f1xx_hal_gpio.o
 .ARM.attributes
                0x0000000000000287       0x2d ./Drivers/STM32F1xx_HAL_Driver/Src/stm32f1xx_hal_rcc.o
 .ARM.attributes
                0x00000000000002b4       0x2d ./Drivers/STM32F1xx_HAL_Driver/Src/stm32f1xx_hal_tim.o
 .ARM.attributes
                0x00000000000002e1       0x2d ./Drivers/STM32F1xx_HAL_Driver/Src/stm32f1xx_hal_tim_ex.o
 .ARM.attributes
                0x000000000000030e       0x2d /opt/st/stm32cubeide_1.10.1/plugins/com.st.stm32cube.ide.mcu.externaltools.gnu-tools-for-stm32.10.3-2021.10.linux64_1.0.0.202111181127/tools/bin/../lib/gcc/arm-none-eabi/10.3.1/../../../../arm-none-eabi/lib/thumb/v7-m/nofp/libc_nano.a(lib_a-init.o)
 .ARM.attributes
                0x000000000000033b       0x2d /opt/st/stm32cubeide_1.10.1/plugins/com.st.stm32cube.ide.mcu.externaltools.gnu-tools-for-stm32.10.3-2021.10.linux64_1.0.0.202111181127/tools/bin/../lib/gcc/arm-none-eabi/10.3.1/../../../../arm-none-eabi/lib/thumb/v7-m/nofp/libc_nano.a(lib_a-memset.o)
 .ARM.attributes
                0x0000000000000368       0x1d /opt/st/stm32cubeide_1.10.1/plugins/com.st.stm32cube.ide.mcu.externaltools.gnu-tools-for-stm32.10.3-2021.10.linux64_1.0.0.202111181127/tools/bin/../lib/gcc/arm-none-eabi/10.3.1/thumb/v7-m/nofp/libgcc.a(_arm_muldf3.o)
 .ARM.attributes
                0x0000000000000385       0x1d /opt/st/stm32cubeide_1.10.1/plugins/com.st.stm32cube.ide.mcu.externaltools.gnu-tools-for-stm32.10.3-2021.10.linux64_1.0.0.202111181127/tools/bin/../lib/gcc/arm-none-eabi/10.3.1/thumb/v7-m/nofp/libgcc.a(_arm_addsubdf3.o)
 .ARM.attributes
                0x00000000000003a2       0x1d /opt/st/stm32cubeide_1.10.1/plugins/com.st.stm32cube.ide.mcu.externaltools.gnu-tools-for-stm32.10.3-2021.10.linux64_1.0.0.202111181127/tools/bin/../lib/gcc/arm-none-eabi/10.3.1/thumb/v7-m/nofp/libgcc.a(_arm_cmpdf2.o)
 .ARM.attributes
                0x00000000000003bf       0x1d /opt/st/stm32cubeide_1.10.1/plugins/com.st.stm32cube.ide.mcu.externaltools.gnu-tools-for-stm32.10.3-2021.10.linux64_1.0.0.202111181127/tools/bin/../lib/gcc/arm-none-eabi/10.3.1/thumb/v7-m/nofp/libgcc.a(_arm_truncdfsf2.o)
 .ARM.attributes
                0x00000000000003dc       0x1d /opt/st/stm32cubeide_1.10.1/plugins/com.st.stm32cube.ide.mcu.externaltools.gnu-tools-for-stm32.10.3-2021.10.linux64_1.0.0.202111181127/tools/bin/../lib/gcc/arm-none-eabi/10.3.1/thumb/v7-m/nofp/libgcc.a(_arm_addsubsf3.o)
 .ARM.attributes
                0x00000000000003f9       0x1d /opt/st/stm32cubeide_1.10.1/plugins/com.st.stm32cube.ide.mcu.externaltools.gnu-tools-for-stm32.10.3-2021.10.linux64_1.0.0.202111181127/tools/bin/../lib/gcc/arm-none-eabi/10.3.1/thumb/v7-m/nofp/libgcc.a(_arm_muldivsf3.o)
 .ARM.attributes
                0x0000000000000416       0x1d /opt/st/stm32cubeide_1.10.1/plugins/com.st.stm32cube.ide.mcu.externaltools.gnu-tools-for-stm32.10.3-2021.10.linux64_1.0.0.202111181127/tools/bin/../lib/gcc/arm-none-eabi/10.3.1/thumb/v7-m/nofp/libgcc.a(_arm_cmpsf2.o)
 .ARM.attributes
                0x0000000000000433       0x1d /opt/st/stm32cubeide_1.10.1/plugins/com.st.stm32cube.ide.mcu.externaltools.gnu-tools-for-stm32.10.3-2021.10.linux64_1.0.0.202111181127/tools/bin/../lib/gcc/arm-none-eabi/10.3.1/thumb/v7-m/nofp/libgcc.a(_arm_fixunssfsi.o)
 .ARM.attributes
                0x0000000000000450       0x1d /opt/st/stm32cubeide_1.10.1/plugins/com.st.stm32cube.ide.mcu.externaltools.gnu-tools-for-stm32.10.3-2021.10.linux64_1.0.0.202111181127/tools/bin/../lib/gcc/arm-none-eabi/10.3.1/thumb/v7-m/nofp/crtn.o
OUTPUT(PID_Driver_v2.0.elf elf32-littlearm)
LOAD linker stubs
LOAD /opt/st/stm32cubeide_1.10.1/plugins/com.st.stm32cube.ide.mcu.externaltools.gnu-tools-for-stm32.10.3-2021.10.linux64_1.0.0.202111181127/tools/bin/../lib/gcc/arm-none-eabi/10.3.1/../../../../arm-none-eabi/lib/thumb/v7-m/nofp/libc.a
LOAD /opt/st/stm32cubeide_1.10.1/plugins/com.st.stm32cube.ide.mcu.externaltools.gnu-tools-for-stm32.10.3-2021.10.linux64_1.0.0.202111181127/tools/bin/../lib/gcc/arm-none-eabi/10.3.1/../../../../arm-none-eabi/lib/thumb/v7-m/nofp/libm.a
LOAD /opt/st/stm32cubeide_1.10.1/plugins/com.st.stm32cube.ide.mcu.externaltools.gnu-tools-for-stm32.10.3-2021.10.linux64_1.0.0.202111181127/tools/bin/../lib/gcc/arm-none-eabi/10.3.1/thumb/v7-m/nofp/libgcc.a

.debug_info     0x0000000000000000     0xb0e2
 .debug_info    0x0000000000000000      0x1dd ./Core/Src/PID.o
 .debug_info    0x00000000000001dd      0x992 ./Core/Src/can.o
 .debug_info    0x0000000000000b6f      0x48e ./Core/Src/gpio.o
 .debug_info    0x0000000000000ffd     0x140a ./Core/Src/main.o
 .debug_info    0x0000000000002407      0x210 ./Core/Src/stm32f1xx_hal_msp.o
 .debug_info    0x0000000000002617      0xb52 ./Core/Src/stm32f1xx_it.o
 .debug_info    0x0000000000003169      0x23d ./Core/Src/system_stm32f1xx.o
 .debug_info    0x00000000000033a6      0xda8 ./Core/Src/tim.o
 .debug_info    0x000000000000414e       0x22 ./Core/Startup/startup_stm32f103c8tx.o
 .debug_info    0x0000000000004170      0x734 ./Drivers/STM32F1xx_HAL_Driver/Src/stm32f1xx_hal.o
 .debug_info    0x00000000000048a4      0xfb8 ./Drivers/STM32F1xx_HAL_Driver/Src/stm32f1xx_hal_can.o
 .debug_info    0x000000000000585c      0xb20 ./Drivers/STM32F1xx_HAL_Driver/Src/stm32f1xx_hal_cortex.o
 .debug_info    0x000000000000637c      0x615 ./Drivers/STM32F1xx_HAL_Driver/Src/stm32f1xx_hal_gpio.o
 .debug_info    0x0000000000006991      0x860 ./Drivers/STM32F1xx_HAL_Driver/Src/stm32f1xx_hal_rcc.o
 .debug_info    0x00000000000071f1     0x29de ./Drivers/STM32F1xx_HAL_Driver/Src/stm32f1xx_hal_tim.o
 .debug_info    0x0000000000009bcf     0x1513 ./Drivers/STM32F1xx_HAL_Driver/Src/stm32f1xx_hal_tim_ex.o

.debug_abbrev   0x0000000000000000     0x1e99
 .debug_abbrev  0x0000000000000000      0x10d ./Core/Src/PID.o
 .debug_abbrev  0x000000000000010d      0x230 ./Core/Src/can.o
 .debug_abbrev  0x000000000000033d      0x152 ./Core/Src/gpio.o
 .debug_abbrev  0x000000000000048f      0x353 ./Core/Src/main.o
 .debug_abbrev  0x00000000000007e2       0xd4 ./Core/Src/stm32f1xx_hal_msp.o
 .debug_abbrev  0x00000000000008b6      0x206 ./Core/Src/stm32f1xx_it.o
 .debug_abbrev  0x0000000000000abc      0x13b ./Core/Src/system_stm32f1xx.o
 .debug_abbrev  0x0000000000000bf7      0x266 ./Core/Src/tim.o
 .debug_abbrev  0x0000000000000e5d       0x12 ./Core/Startup/startup_stm32f103c8tx.o
 .debug_abbrev  0x0000000000000e6f      0x1fb ./Drivers/STM32F1xx_HAL_Driver/Src/stm32f1xx_hal.o
 .debug_abbrev  0x000000000000106a      0x21d ./Drivers/STM32F1xx_HAL_Driver/Src/stm32f1xx_hal_can.o
 .debug_abbrev  0x0000000000001287      0x2ed ./Drivers/STM32F1xx_HAL_Driver/Src/stm32f1xx_hal_cortex.o
 .debug_abbrev  0x0000000000001574      0x1bb ./Drivers/STM32F1xx_HAL_Driver/Src/stm32f1xx_hal_gpio.o
 .debug_abbrev  0x000000000000172f      0x2a8 ./Drivers/STM32F1xx_HAL_Driver/Src/stm32f1xx_hal_rcc.o
 .debug_abbrev  0x00000000000019d7      0x25d ./Drivers/STM32F1xx_HAL_Driver/Src/stm32f1xx_hal_tim.o
 .debug_abbrev  0x0000000000001c34      0x265 ./Drivers/STM32F1xx_HAL_Driver/Src/stm32f1xx_hal_tim_ex.o

.debug_aranges  0x0000000000000000      0xb50
 .debug_aranges
                0x0000000000000000       0x28 ./Core/Src/PID.o
 .debug_aranges
                0x0000000000000028       0x30 ./Core/Src/can.o
 .debug_aranges
                0x0000000000000058       0x20 ./Core/Src/gpio.o
 .debug_aranges
                0x0000000000000078       0x60 ./Core/Src/main.o
 .debug_aranges
                0x00000000000000d8       0x20 ./Core/Src/stm32f1xx_hal_msp.o
 .debug_aranges
                0x00000000000000f8       0x88 ./Core/Src/stm32f1xx_it.o
 .debug_aranges
                0x0000000000000180       0x28 ./Core/Src/system_stm32f1xx.o
 .debug_aranges
                0x00000000000001a8       0x48 ./Core/Src/tim.o
 .debug_aranges
                0x00000000000001f0       0x28 ./Core/Startup/startup_stm32f103c8tx.o
 .debug_aranges
                0x0000000000000218       0xe0 ./Drivers/STM32F1xx_HAL_Driver/Src/stm32f1xx_hal.o
 .debug_aranges
                0x00000000000002f8      0x138 ./Drivers/STM32F1xx_HAL_Driver/Src/stm32f1xx_hal_can.o
 .debug_aranges
                0x0000000000000430      0x100 ./Drivers/STM32F1xx_HAL_Driver/Src/stm32f1xx_hal_cortex.o
 .debug_aranges
                0x0000000000000530       0x58 ./Drivers/STM32F1xx_HAL_Driver/Src/stm32f1xx_hal_gpio.o
 .debug_aranges
                0x0000000000000588       0x90 ./Drivers/STM32F1xx_HAL_Driver/Src/stm32f1xx_hal_rcc.o
 .debug_aranges
                0x0000000000000618      0x3d0 ./Drivers/STM32F1xx_HAL_Driver/Src/stm32f1xx_hal_tim.o
 .debug_aranges
                0x00000000000009e8      0x168 ./Drivers/STM32F1xx_HAL_Driver/Src/stm32f1xx_hal_tim_ex.o

.debug_ranges   0x0000000000000000      0xa58
 .debug_ranges  0x0000000000000000       0x18 ./Core/Src/PID.o
 .debug_ranges  0x0000000000000018       0x20 ./Core/Src/can.o
 .debug_ranges  0x0000000000000038       0x10 ./Core/Src/gpio.o
 .debug_ranges  0x0000000000000048       0x50 ./Core/Src/main.o
 .debug_ranges  0x0000000000000098       0x10 ./Core/Src/stm32f1xx_hal_msp.o
 .debug_ranges  0x00000000000000a8       0x78 ./Core/Src/stm32f1xx_it.o
 .debug_ranges  0x0000000000000120       0x18 ./Core/Src/system_stm32f1xx.o
 .debug_ranges  0x0000000000000138       0x38 ./Core/Src/tim.o
 .debug_ranges  0x0000000000000170       0x20 ./Core/Startup/startup_stm32f103c8tx.o
 .debug_ranges  0x0000000000000190       0xd0 ./Drivers/STM32F1xx_HAL_Driver/Src/stm32f1xx_hal.o
 .debug_ranges  0x0000000000000260      0x128 ./Drivers/STM32F1xx_HAL_Driver/Src/stm32f1xx_hal_can.o
 .debug_ranges  0x0000000000000388       0xf0 ./Drivers/STM32F1xx_HAL_Driver/Src/stm32f1xx_hal_cortex.o
 .debug_ranges  0x0000000000000478       0x48 ./Drivers/STM32F1xx_HAL_Driver/Src/stm32f1xx_hal_gpio.o
 .debug_ranges  0x00000000000004c0       0x80 ./Drivers/STM32F1xx_HAL_Driver/Src/stm32f1xx_hal_rcc.o
 .debug_ranges  0x0000000000000540      0x3c0 ./Drivers/STM32F1xx_HAL_Driver/Src/stm32f1xx_hal_tim.o
 .debug_ranges  0x0000000000000900      0x158 ./Drivers/STM32F1xx_HAL_Driver/Src/stm32f1xx_hal_tim_ex.o

.debug_macro    0x0000000000000000    0x171b8
 .debug_macro   0x0000000000000000       0x1b ./Core/Src/PID.o
 .debug_macro   0x000000000000001b      0xa6c ./Core/Src/PID.o
 .debug_macro   0x0000000000000a87      0x1bc ./Core/Src/can.o
 .debug_macro   0x0000000000000c43      0x21b ./Core/Src/can.o
 .debug_macro   0x0000000000000e5e       0x2e ./Core/Src/can.o
 .debug_macro   0x0000000000000e8c       0x22 ./Core/Src/can.o
 .debug_macro   0x0000000000000eae       0x22 ./Core/Src/can.o
 .debug_macro   0x0000000000000ed0       0x8e ./Core/Src/can.o
 .debug_macro   0x0000000000000f5e       0x51 ./Core/Src/can.o
 .debug_macro   0x0000000000000faf      0x103 ./Core/Src/can.o
 .debug_macro   0x00000000000010b2       0x6a ./Core/Src/can.o
 .debug_macro   0x000000000000111c      0x1df ./Core/Src/can.o
 .debug_macro   0x00000000000012fb       0x1c ./Core/Src/can.o
 .debug_macro   0x0000000000001317       0x22 ./Core/Src/can.o
 .debug_macro   0x0000000000001339       0xbd ./Core/Src/can.o
 .debug_macro   0x00000000000013f6      0xd23 ./Core/Src/can.o
 .debug_macro   0x0000000000002119     0xe09e ./Core/Src/can.o
 .debug_macro   0x00000000000101b7       0x6d ./Core/Src/can.o
 .debug_macro   0x0000000000010224     0x3468 ./Core/Src/can.o
 .debug_macro   0x000000000001368c      0x174 ./Core/Src/can.o
 .debug_macro   0x0000000000013800       0x5c ./Core/Src/can.o
 .debug_macro   0x000000000001385c      0x5be ./Core/Src/can.o
 .debug_macro   0x0000000000013e1a      0x289 ./Core/Src/can.o
 .debug_macro   0x00000000000140a3      0x1cb ./Core/Src/can.o
 .debug_macro   0x000000000001426e      0x114 ./Core/Src/can.o
 .debug_macro   0x0000000000014382      0x1b2 ./Core/Src/can.o
 .debug_macro   0x0000000000014534       0x27 ./Core/Src/can.o
 .debug_macro   0x000000000001455b      0x136 ./Core/Src/can.o
 .debug_macro   0x0000000000014691      0x1bc ./Core/Src/can.o
 .debug_macro   0x000000000001484d       0x34 ./Core/Src/can.o
 .debug_macro   0x0000000000014881       0x3c ./Core/Src/can.o
 .debug_macro   0x00000000000148bd      0x408 ./Core/Src/can.o
 .debug_macro   0x0000000000014cc5       0x57 ./Core/Src/can.o
 .debug_macro   0x0000000000014d1c       0x88 ./Core/Src/can.o
 .debug_macro   0x0000000000014da4      0x241 ./Core/Src/can.o
 .debug_macro   0x0000000000014fe5      0x141 ./Core/Src/can.o
 .debug_macro   0x0000000000015126      0x8d1 ./Core/Src/can.o
 .debug_macro   0x00000000000159f7       0x83 ./Core/Src/can.o
 .debug_macro   0x0000000000015a7a       0x7c ./Core/Src/can.o
 .debug_macro   0x0000000000015af6      0x1bc ./Core/Src/gpio.o
 .debug_macro   0x0000000000015cb2      0x21a ./Core/Src/main.o
 .debug_macro   0x0000000000015ecc      0x1b2 ./Core/Src/stm32f1xx_hal_msp.o
 .debug_macro   0x000000000001607e      0x1bc ./Core/Src/stm32f1xx_it.o
 .debug_macro   0x000000000001623a      0x1a3 ./Core/Src/system_stm32f1xx.o
 .debug_macro   0x00000000000163dd      0x1bc ./Core/Src/tim.o
 .debug_macro   0x0000000000016599      0x1c7 ./Drivers/STM32F1xx_HAL_Driver/Src/stm32f1xx_hal.o
 .debug_macro   0x0000000000016760      0x1ab ./Drivers/STM32F1xx_HAL_Driver/Src/stm32f1xx_hal_can.o
 .debug_macro   0x000000000001690b      0x1a3 ./Drivers/STM32F1xx_HAL_Driver/Src/stm32f1xx_hal_cortex.o
 .debug_macro   0x0000000000016aae      0x20e ./Drivers/STM32F1xx_HAL_Driver/Src/stm32f1xx_hal_gpio.o
 .debug_macro   0x0000000000016cbc      0x1b5 ./Drivers/STM32F1xx_HAL_Driver/Src/stm32f1xx_hal_rcc.o
 .debug_macro   0x0000000000016e71      0x1a4 ./Drivers/STM32F1xx_HAL_Driver/Src/stm32f1xx_hal_tim.o
 .debug_macro   0x0000000000017015      0x1a3 ./Drivers/STM32F1xx_HAL_Driver/Src/stm32f1xx_hal_tim_ex.o

.debug_line     0x0000000000000000     0xbc65
 .debug_line    0x0000000000000000      0x155 ./Core/Src/PID.o
 .debug_line    0x0000000000000155      0x6e5 ./Core/Src/can.o
 .debug_line    0x000000000000083a      0x66c ./Core/Src/gpio.o
 .debug_line    0x0000000000000ea6      0xa89 ./Core/Src/main.o
 .debug_line    0x000000000000192f      0x64d ./Core/Src/stm32f1xx_hal_msp.o
 .debug_line    0x0000000000001f7c      0x788 ./Core/Src/stm32f1xx_it.o
 .debug_line    0x0000000000002704      0x6cb ./Core/Src/system_stm32f1xx.o
 .debug_line    0x0000000000002dcf      0x83b ./Core/Src/tim.o
 .debug_line    0x000000000000360a       0x87 ./Core/Startup/startup_stm32f103c8tx.o
 .debug_line    0x0000000000003691      0x8f8 ./Drivers/STM32F1xx_HAL_Driver/Src/stm32f1xx_hal.o
 .debug_line    0x0000000000003f89     0x1099 ./Drivers/STM32F1xx_HAL_Driver/Src/stm32f1xx_hal_can.o
 .debug_line    0x0000000000005022      0xae0 ./Drivers/STM32F1xx_HAL_Driver/Src/stm32f1xx_hal_cortex.o
 .debug_line    0x0000000000005b02      0x98f ./Drivers/STM32F1xx_HAL_Driver/Src/stm32f1xx_hal_gpio.o
 .debug_line    0x0000000000006491      0xd06 ./Drivers/STM32F1xx_HAL_Driver/Src/stm32f1xx_hal_rcc.o
 .debug_line    0x0000000000007197     0x32ae ./Drivers/STM32F1xx_HAL_Driver/Src/stm32f1xx_hal_tim.o
 .debug_line    0x000000000000a445     0x1820 ./Drivers/STM32F1xx_HAL_Driver/Src/stm32f1xx_hal_tim_ex.o

.debug_str      0x0000000000000000    0x86bd3
 .debug_str     0x0000000000000000     0x2d4c ./Core/Src/PID.o
                                       0x2d59 (size before relaxing)
 .debug_str     0x0000000000002d4c    0x810e4 ./Core/Src/can.o
                                      0x8416f (size before relaxing)
 .debug_str     0x0000000000083e30       0x68 ./Core/Src/gpio.o
                                      0x83da3 (size before relaxing)
 .debug_str     0x0000000000083e98      0x8a2 ./Core/Src/main.o
                                      0x846c7 (size before relaxing)
 .debug_str     0x000000000008473a       0x50 ./Core/Src/stm32f1xx_hal_msp.o
                                      0x83a24 (size before relaxing)
 .debug_str     0x000000000008478a      0x161 ./Core/Src/stm32f1xx_it.o
                                      0x84225 (size before relaxing)
 .debug_str     0x00000000000848eb       0x7e ./Core/Src/system_stm32f1xx.o
                                      0x8388f (size before relaxing)
 .debug_str     0x0000000000084969      0x1ea ./Core/Src/tim.o
                                      0x844ac (size before relaxing)
 .debug_str     0x0000000000084b53       0x36 ./Core/Startup/startup_stm32f103c8tx.o
                                         0x76 (size before relaxing)
 .debug_str     0x0000000000084b89      0x38e ./Drivers/STM32F1xx_HAL_Driver/Src/stm32f1xx_hal.o
                                      0x83fc2 (size before relaxing)
 .debug_str     0x0000000000084f17      0x3d3 ./Drivers/STM32F1xx_HAL_Driver/Src/stm32f1xx_hal_can.o
                                      0x8408f (size before relaxing)
 .debug_str     0x00000000000852ea      0x26c ./Drivers/STM32F1xx_HAL_Driver/Src/stm32f1xx_hal_cortex.o
                                      0x83f0e (size before relaxing)
 .debug_str     0x0000000000085556      0x289 ./Drivers/STM32F1xx_HAL_Driver/Src/stm32f1xx_hal_gpio.o
                                      0x83c15 (size before relaxing)
 .debug_str     0x00000000000857df      0x229 ./Drivers/STM32F1xx_HAL_Driver/Src/stm32f1xx_hal_rcc.o
                                      0x83cbe (size before relaxing)
 .debug_str     0x0000000000085a08      0xd38 ./Drivers/STM32F1xx_HAL_Driver/Src/stm32f1xx_hal_tim.o
                                      0x84ca9 (size before relaxing)
 .debug_str     0x0000000000086740      0x493 ./Drivers/STM32F1xx_HAL_Driver/Src/stm32f1xx_hal_tim_ex.o
                                      0x844c5 (size before relaxing)

.comment        0x0000000000000000       0x50
 .comment       0x0000000000000000       0x50 ./Core/Src/PID.o
                                         0x51 (size before relaxing)
 .comment       0x0000000000000050       0x51 ./Core/Src/can.o
 .comment       0x0000000000000050       0x51 ./Core/Src/gpio.o
 .comment       0x0000000000000050       0x51 ./Core/Src/main.o
 .comment       0x0000000000000050       0x51 ./Core/Src/stm32f1xx_hal_msp.o
 .comment       0x0000000000000050       0x51 ./Core/Src/stm32f1xx_it.o
 .comment       0x0000000000000050       0x51 ./Core/Src/system_stm32f1xx.o
 .comment       0x0000000000000050       0x51 ./Core/Src/tim.o
 .comment       0x0000000000000050       0x51 ./Drivers/STM32F1xx_HAL_Driver/Src/stm32f1xx_hal.o
 .comment       0x0000000000000050       0x51 ./Drivers/STM32F1xx_HAL_Driver/Src/stm32f1xx_hal_can.o
 .comment       0x0000000000000050       0x51 ./Drivers/STM32F1xx_HAL_Driver/Src/stm32f1xx_hal_cortex.o
 .comment       0x0000000000000050       0x51 ./Drivers/STM32F1xx_HAL_Driver/Src/stm32f1xx_hal_gpio.o
 .comment       0x0000000000000050       0x51 ./Drivers/STM32F1xx_HAL_Driver/Src/stm32f1xx_hal_rcc.o
 .comment       0x0000000000000050       0x51 ./Drivers/STM32F1xx_HAL_Driver/Src/stm32f1xx_hal_tim.o
 .comment       0x0000000000000050       0x51 ./Drivers/STM32F1xx_HAL_Driver/Src/stm32f1xx_hal_tim_ex.o

.debug_frame    0x0000000000000000     0x3148
 .debug_frame   0x0000000000000000       0x64 ./Core/Src/PID.o
 .debug_frame   0x0000000000000064       0x7c ./Core/Src/can.o
 .debug_frame   0x00000000000000e0       0x34 ./Core/Src/gpio.o
 .debug_frame   0x0000000000000114      0x158 ./Core/Src/main.o
 .debug_frame   0x000000000000026c       0x38 ./Core/Src/stm32f1xx_hal_msp.o
 .debug_frame   0x00000000000002a4      0x190 ./Core/Src/stm32f1xx_it.o
 .debug_frame   0x0000000000000434       0x58 ./Core/Src/system_stm32f1xx.o
 .debug_frame   0x000000000000048c       0xe8 ./Core/Src/tim.o
 .debug_frame   0x0000000000000574      0x334 ./Drivers/STM32F1xx_HAL_Driver/Src/stm32f1xx_hal.o
 .debug_frame   0x00000000000008a8      0x5a0 ./Drivers/STM32F1xx_HAL_Driver/Src/stm32f1xx_hal_can.o
 .debug_frame   0x0000000000000e48      0x428 ./Drivers/STM32F1xx_HAL_Driver/Src/stm32f1xx_hal_cortex.o
 .debug_frame   0x0000000000001270      0x14c ./Drivers/STM32F1xx_HAL_Driver/Src/stm32f1xx_hal_gpio.o
 .debug_frame   0x00000000000013bc      0x21c ./Drivers/STM32F1xx_HAL_Driver/Src/stm32f1xx_hal_rcc.o
 .debug_frame   0x00000000000015d8     0x11b8 ./Drivers/STM32F1xx_HAL_Driver/Src/stm32f1xx_hal_tim.o
 .debug_frame   0x0000000000002790      0x638 ./Drivers/STM32F1xx_HAL_Driver/Src/stm32f1xx_hal_tim_ex.o
 .debug_frame   0x0000000000002dc8       0x2c /opt/st/stm32cubeide_1.10.1/plugins/com.st.stm32cube.ide.mcu.externaltools.gnu-tools-for-stm32.10.3-2021.10.linux64_1.0.0.202111181127/tools/bin/../lib/gcc/arm-none-eabi/10.3.1/../../../../arm-none-eabi/lib/thumb/v7-m/nofp/libc_nano.a(lib_a-init.o)
 .debug_frame   0x0000000000002df4       0x20 /opt/st/stm32cubeide_1.10.1/plugins/com.st.stm32cube.ide.mcu.externaltools.gnu-tools-for-stm32.10.3-2021.10.linux64_1.0.0.202111181127/tools/bin/../lib/gcc/arm-none-eabi/10.3.1/../../../../arm-none-eabi/lib/thumb/v7-m/nofp/libc_nano.a(lib_a-memset.o)
 .debug_frame   0x0000000000002e14       0x30 /opt/st/stm32cubeide_1.10.1/plugins/com.st.stm32cube.ide.mcu.externaltools.gnu-tools-for-stm32.10.3-2021.10.linux64_1.0.0.202111181127/tools/bin/../lib/gcc/arm-none-eabi/10.3.1/thumb/v7-m/nofp/libgcc.a(_arm_muldf3.o)
 .debug_frame   0x0000000000002e44       0xac /opt/st/stm32cubeide_1.10.1/plugins/com.st.stm32cube.ide.mcu.externaltools.gnu-tools-for-stm32.10.3-2021.10.linux64_1.0.0.202111181127/tools/bin/../lib/gcc/arm-none-eabi/10.3.1/thumb/v7-m/nofp/libgcc.a(_arm_addsubdf3.o)
 .debug_frame   0x0000000000002ef0       0xc4 /opt/st/stm32cubeide_1.10.1/plugins/com.st.stm32cube.ide.mcu.externaltools.gnu-tools-for-stm32.10.3-2021.10.linux64_1.0.0.202111181127/tools/bin/../lib/gcc/arm-none-eabi/10.3.1/thumb/v7-m/nofp/libgcc.a(_arm_cmpdf2.o)
 .debug_frame   0x0000000000002fb4       0x24 /opt/st/stm32cubeide_1.10.1/plugins/com.st.stm32cube.ide.mcu.externaltools.gnu-tools-for-stm32.10.3-2021.10.linux64_1.0.0.202111181127/tools/bin/../lib/gcc/arm-none-eabi/10.3.1/thumb/v7-m/nofp/libgcc.a(_arm_truncdfsf2.o)
 .debug_frame   0x0000000000002fd8       0x4c /opt/st/stm32cubeide_1.10.1/plugins/com.st.stm32cube.ide.mcu.externaltools.gnu-tools-for-stm32.10.3-2021.10.linux64_1.0.0.202111181127/tools/bin/../lib/gcc/arm-none-eabi/10.3.1/thumb/v7-m/nofp/libgcc.a(_arm_addsubsf3.o)
 .debug_frame   0x0000000000003024       0x38 /opt/st/stm32cubeide_1.10.1/plugins/com.st.stm32cube.ide.mcu.externaltools.gnu-tools-for-stm32.10.3-2021.10.linux64_1.0.0.202111181127/tools/bin/../lib/gcc/arm-none-eabi/10.3.1/thumb/v7-m/nofp/libgcc.a(_arm_muldivsf3.o)
 .debug_frame   0x000000000000305c       0xc8 /opt/st/stm32cubeide_1.10.1/plugins/com.st.stm32cube.ide.mcu.externaltools.gnu-tools-for-stm32.10.3-2021.10.linux64_1.0.0.202111181127/tools/bin/../lib/gcc/arm-none-eabi/10.3.1/thumb/v7-m/nofp/libgcc.a(_arm_cmpsf2.o)
 .debug_frame   0x0000000000003124       0x24 /opt/st/stm32cubeide_1.10.1/plugins/com.st.stm32cube.ide.mcu.externaltools.gnu-tools-for-stm32.10.3-2021.10.linux64_1.0.0.202111181127/tools/bin/../lib/gcc/arm-none-eabi/10.3.1/thumb/v7-m/nofp/libgcc.a(_arm_fixunssfsi.o)
